// Jest Snapshot v1, https://goo.gl/fbAQLP

exports[`Button -  renders correctly 1`] = `
<button
  className="App__pin-pad-button"
  onClick={[Function]}
>
  this is a snapshot test
</button>
`;
