// Jest Snapshot v1, https://goo.gl/fbAQLP

exports[`ScreenDisplay -  renders correctly 1`] = `
<div
  className="App__screen-display"
>
  this is a snapshot test
</div>
`;
